[dmcpa.com.hk/index.html]
[backblue.gif]
[fade.gif]
[index.html]
[dmcpa.com.hk/favicon.png]
[dmcpa.com.hk/indexf434.html]
[dmcpa.com.hk/indexae10.html]
[dmcpa.com.hk/indexd8cc.html]
[dmcpa.com.hk/img/logo-m.jpg]
[dmcpa.com.hk/img/logo.jpg]
[dmcpa.com.hk/about.html]
[dmcpa.com.hk/service76a8.html]
[dmcpa.com.hk/servicef878.html]
[dmcpa.com.hk/service63b3.html]
[dmcpa.com.hk/service2d24.html]
[dmcpa.com.hk/servicebcdf.html]
[dmcpa.com.hk/servicead8f.html]
[dmcpa.com.hk/serviceeb4f.html]
[dmcpa.com.hk/service50be.html]
[dmcpa.com.hk/service7fc6.html]
[dmcpa.com.hk/linkage.html]
[dmcpa.com.hk/contact.html]
[dmcpa.com.hk/img/1.jpg]
[dmcpa.com.hk/img/2.jpg]
[dmcpa.com.hk/img/3.jpg]
[dmcpa.com.hk/img/4.jpg]
[dmcpa.com.hk/img/banner.png]
[dmcpa.com.hk/img/aboutus.jpg]
[dmcpa.com.hk/newsdcfd.html]
[dmcpa.com.hk/news0b30.html]
[dmcpa.com.hk/about171c.html]
[dmcpa.com.hk/page6631.html]
[dmcpa.com.hk/page8a5f.html]
[dmcpa.com.hk/page89fb.html]
[dmcpa.com.hk/js/jquery-3.2.1.min.js]
[dmcpa.com.hk/js/bootstrap.min.js]
[dmcpa.com.hk/js/jquery.sticky.min.js]
[dmcpa.com.hk/js/owl.carousel.min.js]
[dmcpa.com.hk/js/jquery.magnific-popup.min.js]
[dmcpa.com.hk/js/jquery.waypoints.min.js]
[dmcpa.com.hk/js/jquery.counterup.min.js]
[dmcpa.com.hk/js/jquery.validate.min.js]
[dmcpa.com.hk/js/isotope.min.js]
[dmcpa.com.hk/js/parallax.min.js]
[dmcpa.com.hk/js/animatescroll.min.js]
[dmcpa.com.hk/js/main.js]
[dmcpa.com.hk/index.html]
[dmcpa.com.hk/fonts/fontawesome-webfont3e6e.eot]
[dmcpa.com.hk/fonts/fontawesome-webfontd41d.eot]
[dmcpa.com.hk/fonts/fontawesome-webfont3e6e.woff2]
[dmcpa.com.hk/fonts/fontawesome-webfont3e6e.woff]
[dmcpa.com.hk/fonts/fontawesome-webfont3e6e.ttf]
[dmcpa.com.hk/css/font-awesome.min.css]
[dmcpa.com.hk/fonts/glyphicons-halflings-regular.eot]
[dmcpa.com.hk/fonts/glyphicons-halflings-regulard41d.eot]
[dmcpa.com.hk/fonts/glyphicons-halflings-regular.woff2]
[dmcpa.com.hk/fonts/glyphicons-halflings-regular.woff]
[dmcpa.com.hk/fonts/glyphicons-halflings-regular.ttf]
[dmcpa.com.hk/css/bootstrap.min.css]
[dmcpa.com.hk/css/animate.min.css]
[dmcpa.com.hk/img/owl.video.play.png]
[dmcpa.com.hk/css/owl.carousel.min.css]
[dmcpa.com.hk/css/magnific-popup.css]
[dmcpa.com.hk/fonts/custom-icon9660.eot]
[dmcpa.com.hk/fonts/custom-icon9660.woff]
[dmcpa.com.hk/fonts/custom-icon9660.ttf]
[dmcpa.com.hk/fonts/fontello31c6.eot]
[dmcpa.com.hk/fonts/fontello31c6.woff]
[dmcpa.com.hk/fonts/fontello31c6.ttf]
[dmcpa.com.hk/style.css]
[dmcpa.com.hk/css/responsive.css]
[dmcpa.com.hk/css/theme-color.css]
[dmcpa.com.hk/css/custom.css]
[dmcpa.com.hk/indexf434.html]
[dmcpa.com.hk/indexae10.html]
[dmcpa.com.hk/indexd8cc.html]
[dmcpa.com.hk/aboutf434.html]
[dmcpa.com.hk/aboutae10.html]
[dmcpa.com.hk/aboutd8cc.html]
[dmcpa.com.hk/about.html]
[dmcpa.com.hk/serviceca56.html]
[dmcpa.com.hk/service0e97.html]
[dmcpa.com.hk/service84f9.html]
[dmcpa.com.hk/service76a8.html]
[dmcpa.com.hk/service4e89.html]
[dmcpa.com.hk/servicedb7f.html]
[dmcpa.com.hk/service45bf.html]
[dmcpa.com.hk/servicef878.html]
[dmcpa.com.hk/service3412.html]
[dmcpa.com.hk/service96d5.html]
[dmcpa.com.hk/serviceeb89.html]
[dmcpa.com.hk/service63b3.html]
[dmcpa.com.hk/service9e7f.html]
[dmcpa.com.hk/service5ead.html]
[dmcpa.com.hk/servicefb2f.html]
[dmcpa.com.hk/includes/download/Jurisdictions-Comparison-Chart-Eng.pdf]
[dmcpa.com.hk/service2d24.html]
[dmcpa.com.hk/service3bdc.html]
[dmcpa.com.hk/serviceba37.html]
[dmcpa.com.hk/servicec3e3.html]
[dmcpa.com.hk/servicebcdf.html]
[dmcpa.com.hk/service244c.html]
[dmcpa.com.hk/serviceeccd.html]
[dmcpa.com.hk/servicebe3c.html]
[dmcpa.com.hk/servicead8f.html]
[dmcpa.com.hk/service31ac.html]
[dmcpa.com.hk/servicec594.html]
[dmcpa.com.hk/serviceed6f.html]
[dmcpa.com.hk/serviceeb4f.html]
[dmcpa.com.hk/service7900.html]
[dmcpa.com.hk/servicee5de.html]
[dmcpa.com.hk/service60b5.html]
[dmcpa.com.hk/service50be.html]
[dmcpa.com.hk/servicea5ee.html]
[dmcpa.com.hk/servicefcc7.html]
[dmcpa.com.hk/service89bb.html]
[dmcpa.com.hk/service7fc6.html]
[dmcpa.com.hk/linkagef434.html]
[dmcpa.com.hk/linkageae10.html]
[dmcpa.com.hk/linkaged8cc.html]
[dmcpa.com.hk/linkage.html]
[dmcpa.com.hk/contactf434.html]
[dmcpa.com.hk/contactae10.html]
[dmcpa.com.hk/contactd8cc.html]
[dmcpa.com.hk/contact.html]
